\BOOKMARK [1][-]{section.1}{\376\377\000I\000N\000T\000R\000O\000D\000U\000C\000T\000I\000O\000N}{}% 1
\BOOKMARK [1][-]{section.2}{\376\377\000D\000A\000T\000A\000\040\000A\000N\000D\000\040\000P\000R\000E\000P\000R\000O\000C\000E\000S\000S\000I\000N\000G}{}% 2
\BOOKMARK [2][-]{subsection.2.1}{\376\377\000S\000o\000u\000r\000c\000e\000s}{section.2}% 3
\BOOKMARK [2][-]{subsection.2.2}{\376\377\000P\000r\000e\000p\000r\000o\000c\000e\000s\000s\000i\000n\000g\000\040\000P\000r\000o\000t\000o\000c\000o\000l\000s}{section.2}% 4
\BOOKMARK [2][-]{subsection.2.3}{\376\377\000S\000p\000a\000t\000i\000a\000l\000\040\000A\000d\000j\000a\000c\000e\000n\000c\000y\000\040\000M\000a\000t\000r\000i\000x}{section.2}% 5
\BOOKMARK [1][-]{section.3}{\376\377\000M\000E\000T\000H\000O\000D\000O\000L\000O\000G\000Y}{}% 6
\BOOKMARK [2][-]{subsection.3.1}{\376\377\000P\000r\000o\000b\000l\000e\000m\000\040\000F\000o\000r\000m\000u\000l\000a\000t\000i\000o\000n}{section.3}% 7
\BOOKMARK [2][-]{subsection.3.2}{\376\377\000G\000r\000a\000p\000h\000\040\000V\000A\000E\000\040\000A\000r\000c\000h\000i\000t\000e\000c\000t\000u\000r\000e}{section.3}% 8
\BOOKMARK [3][-]{subsubsection.3.2.1}{\376\377\000E\000n\000c\000o\000d\000e\000r}{subsection.3.2}% 9
\BOOKMARK [3][-]{subsubsection.3.2.2}{\376\377\000D\000i\000s\000e\000n\000t\000a\000n\000g\000l\000e\000r}{subsection.3.2}% 10
\BOOKMARK [3][-]{subsubsection.3.2.3}{\376\377\000D\000e\000c\000o\000d\000e\000r}{subsection.3.2}% 11
\BOOKMARK [2][-]{subsection.3.3}{\376\377\000L\000o\000s\000s\000\040\000F\000u\000n\000c\000t\000i\000o\000n}{section.3}% 12
\BOOKMARK [2][-]{subsection.3.4}{\376\377\000E\000s\000t\000i\000m\000a\000t\000i\000o\000n\000\040\000o\000f\000\040\000S\000p\000i\000l\000l\000o\000v\000e\000r\000\040\000E\000f\000f\000e\000c\000t\000s}{section.3}% 13
\BOOKMARK [2][-]{subsection.3.5}{\376\377\000I\000d\000e\000n\000t\000i\000f\000i\000c\000a\000t\000i\000o\000n\000\040\000A\000s\000s\000u\000m\000p\000t\000i\000o\000n\000s\000\040\000a\000n\000d\000\040\000L\000i\000m\000i\000t\000a\000t\000i\000o\000n\000s}{section.3}% 14
\BOOKMARK [1][-]{section.4}{\376\377\000E\000X\000P\000E\000R\000I\000M\000E\000N\000T\000S\000\040\000A\000N\000D\000\040\000R\000E\000S\000U\000L\000T\000S}{}% 15
\BOOKMARK [2][-]{subsection.4.1}{\376\377\000T\000r\000a\000i\000n\000i\000n\000g\000\040\000D\000y\000n\000a\000m\000i\000c\000s}{section.4}% 16
\BOOKMARK [2][-]{subsection.4.2}{\376\377\000T\000e\000s\000t\000\040\000P\000e\000r\000f\000o\000r\000m\000a\000n\000c\000e\000\040\000o\000n\000\040\0002\0000\0002\0002}{section.4}% 17
\BOOKMARK [2][-]{subsection.4.3}{\376\377\000P\000r\000e\000d\000i\000c\000t\000i\000v\000e\000\040\000P\000e\000r\000f\000o\000r\000m\000a\000n\000c\000e\000\040\000B\000e\000n\000c\000h\000m\000a\000r\000k\000s}{section.4}% 18
\BOOKMARK [2][-]{subsection.4.4}{\376\377\000C\000o\000m\000p\000a\000r\000i\000s\000o\000n\000\040\000o\000f\000\040\000S\000p\000i\000l\000l\000o\000v\000e\000r\000\040\000M\000a\000g\000n\000i\000t\000u\000d\000e\000s}{section.4}% 19
\BOOKMARK [2][-]{subsection.4.5}{\376\377\000D\000i\000s\000e\000n\000t\000a\000n\000g\000l\000e\000m\000e\000n\000t\000\040\000E\000v\000a\000l\000u\000a\000t\000i\000o\000n}{section.4}% 20
\BOOKMARK [2][-]{subsection.4.6}{\376\377\000D\000i\000r\000e\000c\000t\000\040\000E\000f\000f\000e\000c\000t\000s}{section.4}% 21
\BOOKMARK [2][-]{subsection.4.7}{\376\377\000S\000p\000i\000l\000l\000o\000v\000e\000r\000\040\000D\000y\000n\000a\000m\000i\000c\000s\000:\000\040\000E\000x\000p\000o\000r\000t\000e\000r\000s\000\040\000v\000s\000.\000\040\000I\000m\000p\000o\000r\000t\000e\000r\000s}{section.4}% 22
\BOOKMARK [2][-]{subsection.4.8}{\376\377\000D\000i\000r\000e\000c\000t\000e\000d\000\040\000S\000p\000i\000l\000l\000o\000v\000e\000r\000\040\000N\000e\000t\000w\000o\000r\000k\000\040\000T\000o\000p\000o\000l\000o\000g\000y}{section.4}% 23
\BOOKMARK [2][-]{subsection.4.9}{\376\377\000L\000a\000t\000e\000n\000t\000\040\000C\000o\000n\000f\000o\000u\000n\000d\000e\000r\000\040\000C\000l\000u\000s\000t\000e\000r\000i\000n\000g}{section.4}% 24
\BOOKMARK [2][-]{subsection.4.10}{\376\377\000S\000p\000i\000l\000l\000o\000v\000e\000r\000\040\000I\000n\000t\000e\000r\000a\000c\000t\000i\000o\000n\000\040\000M\000a\000t\000r\000i\000x}{section.4}% 25
\BOOKMARK [1][-]{section.5}{\376\377\000D\000I\000S\000C\000U\000S\000S\000I\000O\000N}{}% 26
\BOOKMARK [2][-]{subsection.5.1}{\376\377\000P\000o\000l\000i\000c\000y\000\040\000I\000m\000p\000l\000i\000c\000a\000t\000i\000o\000n\000s}{section.5}% 27
\BOOKMARK [2][-]{subsection.5.2}{\376\377\000M\000e\000t\000h\000o\000d\000o\000l\000o\000g\000i\000c\000a\000l\000\040\000L\000i\000m\000i\000t\000a\000t\000i\000o\000n\000s}{section.5}% 28
\BOOKMARK [2][-]{subsection.5.3}{\376\377\000F\000u\000t\000u\000r\000e\000\040\000W\000o\000r\000k}{section.5}% 29
\BOOKMARK [1][-]{section.6}{\376\377\000C\000O\000N\000C\000L\000U\000S\000I\000O\000N}{}% 30
\BOOKMARK [1][-]{section*.11}{\376\377\000R\000e\000f\000e\000r\000e\000n\000c\000e\000s}{}% 31
